05-12 15:36:41.762 13861 13880 D VestigeBackgroundExtraction: lens=SKEPTICAL done parsed=true attempts=1 elapsed=11851ms
05-12 15:36:41.763 13861 13880 D VestigeBackgroundExtraction: extract completed: lenses=3/3 model_calls=3 elapsed=33750ms
05-12 15:36:41.763 13861 13878 I VestigeSttC: entry=C3 run=2/3 elapsed=33750ms lenses_parsed=3/3 tags=comparison-table
05-12 15:36:41.767 13861 13880 D VestigePromptComposer: compose lens=LITERAL chars=7643 tokens~=1911 history=0
05-12 15:36:55.546 13861 13880 D VestigeLiteRtLm: generateText completed in 13778ms (prompt=7643c, reply=206c)
05-12 15:36:55.547 13861 13880 D VestigeBackgroundExtraction: lens=LITERAL done parsed=true attempts=1 elapsed=13783ms
05-12 15:36:55.552 13861 13880 D VestigePromptComposer: compose lens=INFERENTIAL chars=8188 tokens~=2047 history=0
05-12 15:37:06.347 13861 13880 D VestigeLiteRtLm: generateText completed in 10794ms (prompt=8188c, reply=202c)
05-12 15:37:06.347 13861 13880 D VestigeBackgroundExtraction: lens=INFERENTIAL done parsed=true attempts=1 elapsed=10799ms
05-12 15:37:06.350 13861 13880 D VestigePromptComposer: compose lens=SKEPTICAL chars=8134 tokens~=2034 history=0
05-12 15:37:18.503 13861 13880 D VestigeLiteRtLm: generateText completed in 12152ms (prompt=8134c, reply=206c)
05-12 15:37:18.504 13861 13880 D VestigeBackgroundExtraction: lens=SKEPTICAL done parsed=true attempts=1 elapsed=12156ms
05-12 15:37:18.505 13861 13880 D VestigeBackgroundExtraction: extract completed: lenses=3/3 model_calls=3 elapsed=36740ms
05-12 15:37:18.506 13861 13878 I VestigeSttC: entry=C3 run=3/3 elapsed=36740ms lenses_parsed=3/3 tags=comparison-table
05-12 15:37:18.512 13861 13880 D VestigePromptComposer: compose lens=LITERAL chars=7683 tokens~=1921 history=0
05-12 15:37:31.271 13861 13880 D VestigeLiteRtLm: generateText completed in 12758ms (prompt=7683c, reply=213c)
05-12 15:37:31.272 13861 13880 D VestigeBackgroundExtraction: lens=LITERAL done parsed=true attempts=1 elapsed=12764ms
05-12 15:37:31.276 13861 13880 D VestigePromptComposer: compose lens=INFERENTIAL chars=8228 tokens~=2057 history=0
05-12 15:37:41.750 13861 13880 D VestigeLiteRtLm: generateText completed in 10474ms (prompt=8228c, reply=204c)
05-12 15:37:41.751 13861 13880 D VestigeBackgroundExtraction: lens=INFERENTIAL done parsed=true attempts=1 elapsed=10478ms
05-12 15:37:41.756 13861 13880 D VestigePromptComposer: compose lens=SKEPTICAL chars=8174 tokens~=2044 history=0
05-12 15:37:53.562 13861 13880 D VestigeLiteRtLm: generateText completed in 11805ms (prompt=8174c, reply=219c)
05-12 15:37:53.564 13861 13880 D VestigeBackgroundExtraction: lens=SKEPTICAL done parsed=true attempts=1 elapsed=11812ms
05-12 15:37:53.566 13861 13880 D VestigeBackgroundExtraction: extract completed: lenses=3/3 model_calls=3 elapsed=35058ms
05-12 15:37:53.567 13861 13878 I VestigeSttC: entry=D1 run=1/3 elapsed=35058ms lenses_parsed=3/3 tags=late-night,notes-app
05-12 15:37:53.572 13861 13880 D VestigePromptComposer: compose lens=LITERAL chars=7683 tokens~=1921 history=0
05-12 15:38:06.468 13861 13880 D VestigeLiteRtLm: generateText completed in 12895ms (prompt=7683c, reply=213c)
05-12 15:38:06.469 13861 13880 D VestigeBackgroundExtraction: lens=LITERAL done parsed=true attempts=1 elapsed=12901ms
05-12 15:38:06.472 13861 13880 D VestigePromptComposer: compose lens=INFERENTIAL chars=8228 tokens~=2057 history=0
05-12 15:38:16.935 13861 13880 D VestigeLiteRtLm: generateText completed in 10462ms (prompt=8228c, reply=204c)
05-12 15:38:16.936 13861 13880 D VestigeBackgroundExtraction: lens=INFERENTIAL done parsed=true attempts=1 elapsed=10466ms
05-12 15:38:16.938 13861 13880 D VestigePromptComposer: compose lens=SKEPTICAL chars=8174 tokens~=2044 history=0
05-12 15:38:28.755 13861 13880 D VestigeLiteRtLm: generateText completed in 11815ms (prompt=8174c, reply=219c)
05-12 15:38:28.755 13861 13880 D VestigeBackgroundExtraction: lens=SKEPTICAL done parsed=true attempts=1 elapsed=11819ms
05-12 15:38:28.756 13861 13880 D VestigeBackgroundExtraction: extract completed: lenses=3/3 model_calls=3 elapsed=35188ms
05-12 15:38:28.757 13861 13878 I VestigeSttC: entry=D1 run=2/3 elapsed=35188ms lenses_parsed=3/3 tags=late-night,notes-app
05-12 15:38:28.762 13861 13880 D VestigePromptComposer: compose lens=LITERAL chars=7683 tokens~=1921 history=0
05-12 15:38:42.887 13861 13880 D VestigeLiteRtLm: generateText completed in 14125ms (prompt=7683c, reply=213c)
05-12 15:38:42.888 13861 13880 D VestigeBackgroundExtraction: lens=LITERAL done parsed=true attempts=1 elapsed=14129ms
05-12 15:38:42.891 13861 13880 D VestigePromptComposer: compose lens=INFERENTIAL chars=8228 tokens~=2057 history=0
05-12 15:38:55.001 13861 13880 D VestigeLiteRtLm: generateText completed in 12109ms (prompt=8228c, reply=204c)
05-12 15:38:55.001 13861 13880 D VestigeBackgroundExtraction: lens=INFERENTIAL done parsed=true attempts=1 elapsed=12113ms
05-12 15:38:55.004 13861 13880 D VestigePromptComposer: compose lens=SKEPTICAL chars=8174 tokens~=2044 history=0
05-12 15:39:06.919 13861 13880 D VestigeLiteRtLm: generateText completed in 11914ms (prompt=8174c, reply=219c)
05-12 15:39:06.920 13861 13880 D VestigeBackgroundExtraction: lens=SKEPTICAL done parsed=true attempts=1 elapsed=11918ms
05-12 15:39:06.920 13861 13880 D VestigeBackgroundExtraction: extract completed: lenses=3/3 model_calls=3 elapsed=38161ms
05-12 15:39:06.921 13861 13878 I VestigeSttC: entry=D1 run=3/3 elapsed=38161ms lenses_parsed=3/3 tags=late-night,notes-app
05-12 15:39:06.925 13861 13880 D VestigePromptComposer: compose lens=LITERAL chars=7645 tokens~=1912 history=0
05-12 15:39:19.526 13861 13880 D VestigeLiteRtLm: generateText completed in 12600ms (prompt=7645c, reply=217c)
05-12 15:39:19.527 13861 13880 D VestigeBackgroundExtraction: lens=LITERAL done parsed=true attempts=1 elapsed=12604ms
05-12 15:39:19.530 13861 13880 D VestigePromptComposer: compose lens=INFERENTIAL chars=8190 tokens~=2048 history=0
05-12 15:39:32.196 13861 13880 D VestigeLiteRtLm: generateText completed in 12665ms (prompt=8190c, reply=217c)
05-12 15:39:32.197 13861 13880 D VestigeBackgroundExtraction: lens=INFERENTIAL done parsed=true attempts=1 elapsed=12669ms
05-12 15:39:32.200 13861 13880 D VestigePromptComposer: compose lens=SKEPTICAL chars=8136 tokens~=2034 history=0
05-12 15:39:43.141 13861 13880 D VestigeLiteRtLm: generateText completed in 10941ms (prompt=8136c, reply=216c)
05-12 15:39:43.142 13861 13880 D VestigeBackgroundExtraction: lens=SKEPTICAL done parsed=true attempts=1 elapsed=10945ms
05-12 15:39:43.143 13861 13880 D VestigeBackgroundExtraction: extract completed: lenses=3/3 model_calls=3 elapsed=36220ms
05-12 15:39:43.144 13861 13878 I VestigeSttC: entry=D2 run=1/3 elapsed=36220ms lenses_parsed=3/3 tags=late-night,decision-loop
05-12 15:39:43.148 13861 13880 D VestigePromptComposer: compose lens=LITERAL chars=7645 tokens~=1912 history=0
05-12 15:39:56.132 13861 13880 D VestigeLiteRtLm: generateText completed in 12983ms (prompt=7645c, reply=217c)
05-12 15:39:56.133 13861 13880 D VestigeBackgroundExtraction: lens=LITERAL done parsed=true attempts=1 elapsed=12987ms
05-12 15:39:56.135 13861 13880 D VestigePromptComposer: compose lens=INFERENTIAL chars=8190 tokens~=2048 history=0
05-12 15:40:08.713 13861 13880 D VestigeLiteRtLm: generateText completed in 12577ms (prompt=8190c, reply=217c)
05-12 15:40:08.714 13861 13880 D VestigeBackgroundExtraction: lens=INFERENTIAL done parsed=true attempts=1 elapsed=12581ms
05-12 15:40:08.718 13861 13880 D VestigePromptComposer: compose lens=SKEPTICAL chars=8136 tokens~=2034 history=0
05-12 15:40:19.639 13861 13880 D VestigeLiteRtLm: generateText completed in 10919ms (prompt=8136c, reply=216c)
05-12 15:40:19.640 13861 13880 D VestigeBackgroundExtraction: lens=SKEPTICAL done parsed=true attempts=1 elapsed=10925ms
05-12 15:40:19.641 13861 13880 D VestigeBackgroundExtraction: extract completed: lenses=3/3 model_calls=3 elapsed=36496ms
05-12 15:40:19.642 13861 13878 I VestigeSttC: entry=D2 run=2/3 elapsed=36496ms lenses_parsed=3/3 tags=late-night,decision-loop
05-12 15:40:19.647 13861 13880 D VestigePromptComposer: compose lens=LITERAL chars=7645 tokens~=1912 history=0
05-12 15:40:32.182 13861 13880 D VestigeLiteRtLm: generateText completed in 12535ms (prompt=7645c, reply=217c)
05-12 15:40:32.186 13861 13880 D VestigeBackgroundExtraction: lens=LITERAL done parsed=true attempts=1 elapsed=12542ms
05-12 15:40:32.194 13861 13880 D VestigePromptComposer: compose lens=INFERENTIAL chars=8190 tokens~=2048 history=0
05-12 15:40:44.777 13861 13880 D VestigeLiteRtLm: generateText completed in 12582ms (prompt=8190c, reply=217c)
05-12 15:40:44.780 13861 13880 D VestigeBackgroundExtraction: lens=INFERENTIAL done parsed=true attempts=1 elapsed=12593ms
05-12 15:40:44.784 13861 13880 D VestigePromptComposer: compose lens=SKEPTICAL chars=8136 tokens~=2034 history=0
05-12 15:40:57.036 13861 13880 D VestigeLiteRtLm: generateText completed in 12251ms (prompt=8136c, reply=216c)
05-12 15:40:57.038 13861 13880 D VestigeBackgroundExtraction: lens=SKEPTICAL done parsed=true attempts=1 elapsed=12257ms
05-12 15:40:57.040 13861 13880 D VestigeBackgroundExtraction: extract completed: lenses=3/3 model_calls=3 elapsed=37396ms
05-12 15:40:57.041 13861 13878 I VestigeSttC: entry=D2 run=3/3 elapsed=37396ms lenses_parsed=3/3 tags=late-night,decision-loop
05-12 15:40:57.052 13861 13880 D VestigePromptComposer: compose lens=LITERAL chars=7661 tokens~=1916 history=0
05-12 15:41:10.665 13861 13880 D VestigeLiteRtLm: generateText completed in 13612ms (prompt=7661c, reply=228c)
05-12 15:41:10.666 13861 13880 D VestigeBackgroundExtraction: lens=LITERAL done parsed=true attempts=1 elapsed=13621ms
05-12 15:41:10.670 13861 13880 D VestigePromptComposer: compose lens=INFERENTIAL chars=8206 tokens~=2052 history=0
05-12 15:41:21.682 13861 13880 D VestigeLiteRtLm: generateText completed in 11011ms (prompt=8206c, reply=214c)
05-12 15:41:21.684 13861 13880 D VestigeBackgroundExtraction: lens=INFERENTIAL done parsed=true attempts=1 elapsed=11017ms
05-12 15:41:21.688 13861 13880 D VestigePromptComposer: compose lens=SKEPTICAL chars=8152 tokens~=2038 history=0
05-12 15:41:32.981 13861 13880 D VestigeLiteRtLm: generateText completed in 11292ms (prompt=8152c, reply=221c)
05-12 15:41:32.983 13861 13880 D VestigeBackgroundExtraction: lens=SKEPTICAL done parsed=true attempts=1 elapsed=11298ms
05-12 15:41:32.985 13861 13880 D VestigeBackgroundExtraction: extract completed: lenses=3/3 model_calls=3 elapsed=35940ms
05-12 15:41:32.986 13861 13878 I VestigeSttC: entry=D3 run=1/3 elapsed=35940ms lenses_parsed=3/3 tags=4:07am,archive,naming-convention
05-12 15:41:32.993 13861 13880 D VestigePromptComposer: compose lens=LITERAL chars=7661 tokens~=1916 history=0
05-12 15:41:46.120 13861 13880 D VestigeLiteRtLm: generateText completed in 13126ms (prompt=7661c, reply=228c)
05-12 15:41:46.124 13861 13880 D VestigeBackgroundExtraction: lens=LITERAL done parsed=true attempts=1 elapsed=13136ms
05-12 15:41:46.127 13861 13880 D VestigePromptComposer: compose lens=INFERENTIAL chars=8206 tokens~=2052 history=0
05-12 15:41:57.063 13861 13880 D VestigeLiteRtLm: generateText completed in 10935ms (prompt=8206c, reply=214c)
05-12 15:41:57.065 13861 13880 D VestigeBackgroundExtraction: lens=INFERENTIAL done parsed=true attempts=1 elapsed=10940ms
05-12 15:41:57.071 13861 13880 D VestigePromptComposer: compose lens=SKEPTICAL chars=8152 tokens~=2038 history=0
05-12 15:42:08.661 13861 13880 D VestigeLiteRtLm: generateText completed in 11589ms (prompt=8152c, reply=221c)
05-12 15:42:08.663 13861 13880 D VestigeBackgroundExtraction: lens=SKEPTICAL done parsed=true attempts=1 elapsed=11597ms
05-12 15:42:08.665 13861 13880 D VestigeBackgroundExtraction: extract completed: lenses=3/3 model_calls=3 elapsed=35677ms
05-12 15:42:08.666 13861 13878 I VestigeSttC: entry=D3 run=2/3 elapsed=35677ms lenses_parsed=3/3 tags=4:07am,archive,naming-convention
05-12 15:42:08.673 13861 13880 D VestigePromptComposer: compose lens=LITERAL chars=7661 tokens~=1916 history=0
05-12 15:42:22.033 13861 13880 D VestigeLiteRtLm: generateText completed in 13359ms (prompt=7661c, reply=228c)
05-12 15:42:22.037 13861 13880 D VestigeBackgroundExtraction: lens=LITERAL done parsed=true attempts=1 elapsed=13369ms
05-12 15:42:22.047 13861 13880 D VestigePromptComposer: compose lens=INFERENTIAL chars=8206 tokens~=2052 history=0
05-12 15:42:32.740 13861 13880 D VestigeLiteRtLm: generateText completed in 10691ms (prompt=8206c, reply=214c)
05-12 15:42:32.741 13861 13880 D VestigeBackgroundExtraction: lens=INFERENTIAL done parsed=true attempts=1 elapsed=10703ms
05-12 15:42:32.744 13861 13880 D VestigePromptComposer: compose lens=SKEPTICAL chars=8152 tokens~=2038 history=0
05-12 15:42:44.053 13861 13880 D VestigeLiteRtLm: generateText completed in 11308ms (prompt=8152c, reply=221c)
05-12 15:42:44.054 13861 13880 D VestigeBackgroundExtraction: lens=SKEPTICAL done parsed=true attempts=1 elapsed=11312ms
05-12 15:42:44.055 13861 13880 D VestigeBackgroundExtraction: extract completed: lenses=3/3 model_calls=3 elapsed=35387ms
05-12 15:42:44.056 13861 13878 I VestigeSttC: entry=D3 run=3/3 elapsed=35387ms lenses_parsed=3/3 tags=4:07am,archive,naming-convention
05-12 15:42:44.060 13861 13880 D VestigePromptComposer: compose lens=LITERAL chars=7609 tokens~=1903 history=0
05-12 15:42:55.268 13861 13880 D VestigeLiteRtLm: generateText completed in 11207ms (prompt=7609c, reply=209c)
05-12 15:42:55.273 13861 13880 D VestigeBackgroundExtraction: lens=LITERAL done parsed=true attempts=1 elapsed=11215ms
05-12 15:42:55.277 13861 13880 D VestigePromptComposer: compose lens=INFERENTIAL chars=8154 tokens~=2039 history=0
05-12 15:43:05.979 13861 13880 D VestigeLiteRtLm: generateText completed in 10701ms (prompt=8154c, reply=209c)
05-12 15:43:05.980 13861 13880 D VestigeBackgroundExtraction: lens=INFERENTIAL done parsed=true attempts=1 elapsed=10707ms
05-12 15:43:05.983 13861 13880 D VestigePromptComposer: compose lens=SKEPTICAL chars=8100 tokens~=2025 history=0
05-12 15:43:16.809 13861 13880 D VestigeLiteRtLm: generateText completed in 10825ms (prompt=8100c, reply=209c)
05-12 15:43:16.813 13861 13880 D VestigeBackgroundExtraction: lens=SKEPTICAL done parsed=true attempts=1 elapsed=10832ms
05-12 15:43:16.818 13861 13880 D VestigeBackgroundExtraction: extract completed: lenses=3/3 model_calls=3 elapsed=32760ms
05-12 15:43:16.821 13861 13878 I VestigeSttC: entry=X1 run=1/3 elapsed=32760ms lenses_parsed=3/3 tags=meeting,battery-died
05-12 15:43:16.834 13861 13880 D VestigePromptComposer: compose lens=LITERAL chars=7609 tokens~=1903 history=0
05-12 15:43:27.667 13861 13880 D VestigeLiteRtLm: generateText completed in 10831ms (prompt=7609c, reply=209c)
05-12 15:43:27.669 13861 13880 D VestigeBackgroundExtraction: lens=LITERAL done parsed=true attempts=1 elapsed=10844ms
05-12 15:43:27.675 13861 13880 D VestigePromptComposer: compose lens=INFERENTIAL chars=8154 tokens~=2039 history=0
05-12 15:43:39.086 13861 13880 D VestigeLiteRtLm: generateText completed in 11410ms (prompt=8154c, reply=209c)
05-12 15:43:39.087 13861 13880 D VestigeBackgroundExtraction: lens=INFERENTIAL done parsed=true attempts=1 elapsed=11417ms
05-12 15:43:39.103 13861 13880 D VestigePromptComposer: compose lens=SKEPTICAL chars=8100 tokens~=2025 history=0
05-12 15:43:52.519 13861 13880 D VestigeLiteRtLm: generateText completed in 13413ms (prompt=8100c, reply=209c)
05-12 15:43:52.521 13861 13880 D VestigeBackgroundExtraction: lens=SKEPTICAL done parsed=true attempts=1 elapsed=13434ms
05-12 15:43:52.524 13861 13880 D VestigeBackgroundExtraction: extract completed: lenses=3/3 model_calls=3 elapsed=35701ms
05-12 15:43:52.525 13861 13878 I VestigeSttC: entry=X1 run=2/3 elapsed=35701ms lenses_parsed=3/3 tags=meeting,battery-died
05-12 15:43:52.533 13861 13880 D VestigePromptComposer: compose lens=LITERAL chars=7609 tokens~=1903 history=0
05-12 15:44:05.126 13861 13880 D VestigeLiteRtLm: generateText completed in 12592ms (prompt=7609c, reply=209c)
05-12 15:44:05.127 13861 13880 D VestigeBackgroundExtraction: lens=LITERAL done parsed=true attempts=1 elapsed=12599ms
05-12 15:44:05.131 13861 13880 D VestigePromptComposer: compose lens=INFERENTIAL chars=8154 tokens~=2039 history=0
05-12 15:44:15.816 13861 13880 D VestigeLiteRtLm: generateText completed in 10684ms (prompt=8154c, reply=209c)
05-12 15:44:15.818 13861 13880 D VestigeBackgroundExtraction: lens=INFERENTIAL done parsed=true attempts=1 elapsed=10690ms
05-12 15:44:15.822 13861 13880 D VestigePromptComposer: compose lens=SKEPTICAL chars=8100 tokens~=2025 history=0
05-12 15:44:26.729 13861 13880 D VestigeLiteRtLm: generateText completed in 10906ms (prompt=8100c, reply=209c)
05-12 15:44:26.730 13861 13880 D VestigeBackgroundExtraction: lens=SKEPTICAL done parsed=true attempts=1 elapsed=10912ms
05-12 15:44:26.732 13861 13880 D VestigeBackgroundExtraction: extract completed: lenses=3/3 model_calls=3 elapsed=34204ms
05-12 15:44:26.733 13861 13878 I VestigeSttC: entry=X1 run=3/3 elapsed=34204ms lenses_parsed=3/3 tags=meeting,battery-died
05-12 15:44:26.739 13861 13880 D VestigePromptComposer: compose lens=LITERAL chars=7617 tokens~=1905 history=0
05-12 15:44:39.832 13861 13880 D VestigeLiteRtLm: generateText completed in 13092ms (prompt=7617c, reply=232c)
05-12 15:44:39.834 13861 13880 D VestigeBackgroundExtraction: lens=LITERAL done parsed=true attempts=1 elapsed=13099ms
05-12 15:44:39.839 13861 13880 D VestigePromptComposer: compose lens=INFERENTIAL chars=8162 tokens~=2041 history=0
05-12 15:44:51.815 13861 13880 D VestigeLiteRtLm: generateText completed in 11974ms (prompt=8162c, reply=230c)
05-12 15:44:51.816 13861 13880 D VestigeBackgroundExtraction: lens=INFERENTIAL done parsed=true attempts=1 elapsed=11982ms
05-12 15:44:51.827 13861 13880 D VestigePromptComposer: compose lens=SKEPTICAL chars=8108 tokens~=2027 history=0
05-12 15:45:03.630 13861 13880 D VestigeLiteRtLm: generateText completed in 11802ms (prompt=8108c, reply=229c)
05-12 15:45:03.634 13861 13880 D VestigeBackgroundExtraction: lens=SKEPTICAL done parsed=true attempts=1 elapsed=11816ms
05-12 15:45:03.638 13861 13880 D VestigeBackgroundExtraction: extract completed: lenses=3/3 model_calls=3 elapsed=36903ms
05-12 15:45:03.640 13861 13878 I VestigeSttC: entry=X2 run=1/3 elapsed=36903ms lenses_parsed=3/3 tags=crashed,test-app,objectbox-entity
05-12 15:45:03.648 13861 13880 D VestigePromptComposer: compose lens=LITERAL chars=7617 tokens~=1905 history=0
05-12 15:45:16.138 13861 13880 D VestigeLiteRtLm: generateText completed in 12489ms (prompt=7617c, reply=232c)
05-12 15:45:16.140 13861 13880 D VestigeBackgroundExtraction: lens=LITERAL done parsed=true attempts=1 elapsed=12496ms
05-12 15:45:16.144 13861 13880 D VestigePromptComposer: compose lens=INFERENTIAL chars=8162 tokens~=2041 history=0
05-12 15:45:28.166 13861 13880 D VestigeLiteRtLm: generateText completed in 12020ms (prompt=8162c, reply=230c)
05-12 15:45:28.167 13861 13880 D VestigeBackgroundExtraction: lens=INFERENTIAL done parsed=true attempts=1 elapsed=12026ms
05-12 15:45:28.170 13861 13880 D VestigePromptComposer: compose lens=SKEPTICAL chars=8108 tokens~=2027 history=0
05-12 15:45:39.783 13861 13880 D VestigeLiteRtLm: generateText completed in 11612ms (prompt=8108c, reply=229c)
05-12 15:45:39.783 13861 13880 D VestigeBackgroundExtraction: lens=SKEPTICAL done parsed=true attempts=1 elapsed=11616ms
05-12 15:45:39.784 13861 13880 D VestigeBackgroundExtraction: extract completed: lenses=3/3 model_calls=3 elapsed=36141ms
05-12 15:45:39.785 13861 13878 I VestigeSttC: entry=X2 run=2/3 elapsed=36141ms lenses_parsed=3/3 tags=crashed,test-app,objectbox-entity
05-12 15:45:39.789 13861 13880 D VestigePromptComposer: compose lens=LITERAL chars=7617 tokens~=1905 history=0
05-12 15:45:52.789 13861 13880 D VestigeLiteRtLm: generateText completed in 12999ms (prompt=7617c, reply=232c)
05-12 15:45:52.789 13861 13880 D VestigeBackgroundExtraction: lens=LITERAL done parsed=true attempts=1 elapsed=13003ms
05-12 15:45:52.792 13861 13880 D VestigePromptComposer: compose lens=INFERENTIAL chars=8162 tokens~=2041 history=0
05-12 15:46:04.753 13861 13880 D VestigeLiteRtLm: generateText completed in 11960ms (prompt=8162c, reply=230c)
05-12 15:46:04.754 13861 13880 D VestigeBackgroundExtraction: lens=INFERENTIAL done parsed=true attempts=1 elapsed=11964ms
05-12 15:46:04.758 13861 13880 D VestigePromptComposer: compose lens=SKEPTICAL chars=8108 tokens~=2027 history=0
05-12 15:46:16.744 13861 13880 D VestigeLiteRtLm: generateText completed in 11984ms (prompt=8108c, reply=229c)
05-12 15:46:16.744 13861 13880 D VestigeBackgroundExtraction: lens=SKEPTICAL done parsed=true attempts=1 elapsed=11990ms
05-12 15:46:16.745 13861 13880 D VestigeBackgroundExtraction: extract completed: lenses=3/3 model_calls=3 elapsed=36959ms
05-12 15:46:16.746 13861 13878 I VestigeSttC: entry=X2 run=3/3 elapsed=36959ms lenses_parsed=3/3 tags=crashed,test-app,objectbox-entity
05-12 15:46:16.750 13861 13880 D VestigePromptComposer: compose lens=LITERAL chars=7597 tokens~=1900 history=0
05-12 15:46:27.912 13861 13880 D VestigeLiteRtLm: generateText completed in 11161ms (prompt=7597c, reply=186c)
05-12 15:46:27.912 13861 13880 D VestigeBackgroundExtraction: lens=LITERAL done parsed=true attempts=1 elapsed=11165ms
05-12 15:46:27.914 13861 13880 D VestigePromptComposer: compose lens=INFERENTIAL chars=8142 tokens~=2036 history=0
05-12 15:46:38.567 13861 13880 D VestigeLiteRtLm: generateText completed in 10652ms (prompt=8142c, reply=196c)
05-12 15:46:38.568 13861 13880 D VestigeBackgroundExtraction: lens=INFERENTIAL done parsed=true attempts=1 elapsed=10655ms
05-12 15:46:38.571 13861 13880 D VestigePromptComposer: compose lens=SKEPTICAL chars=8088 tokens~=2022 history=0
05-12 15:46:49.111 13861 13880 D VestigeLiteRtLm: generateText completed in 10540ms (prompt=8088c, reply=196c)
05-12 15:46:49.112 13861 13880 D VestigeBackgroundExtraction: lens=SKEPTICAL done parsed=true attempts=1 elapsed=10544ms
05-12 15:46:49.113 13861 13880 D VestigeBackgroundExtraction: extract completed: lenses=3/3 model_calls=3 elapsed=32366ms
05-12 15:46:49.114 13861 13878 I VestigeSttC: entry=X3 run=1/3 elapsed=32366ms lenses_parsed=3/3 tags=song-lyric
05-12 15:46:49.120 13861 13880 D VestigePromptComposer: compose lens=LITERAL chars=7597 tokens~=1900 history=0
05-12 15:47:00.565 13861 13880 D VestigeLiteRtLm: generateText completed in 11444ms (prompt=7597c, reply=186c)
05-12 15:47:00.566 13861 13880 D VestigeBackgroundExtraction: lens=LITERAL done parsed=true attempts=1 elapsed=11449ms
05-12 15:47:00.570 13861 13880 D VestigePromptComposer: compose lens=INFERENTIAL chars=8142 tokens~=2036 history=0
05-12 15:47:11.421 13861 13880 D VestigeLiteRtLm: generateText completed in 10849ms (prompt=8142c, reply=196c)
05-12 15:47:11.422 13861 13880 D VestigeBackgroundExtraction: lens=INFERENTIAL done parsed=true attempts=1 elapsed=10855ms
05-12 15:47:11.427 13861 13880 D VestigePromptComposer: compose lens=SKEPTICAL chars=8088 tokens~=2022 history=0
05-12 15:47:21.975 13861 13880 D VestigeLiteRtLm: generateText completed in 10547ms (prompt=8088c, reply=196c)
05-12 15:47:21.976 13861 13880 D VestigeBackgroundExtraction: lens=SKEPTICAL done parsed=true attempts=1 elapsed=10553ms
05-12 15:47:21.977 13861 13880 D VestigeBackgroundExtraction: extract completed: lenses=3/3 model_calls=3 elapsed=32860ms
05-12 15:47:21.978 13861 13878 I VestigeSttC: entry=X3 run=2/3 elapsed=32860ms lenses_parsed=3/3 tags=song-lyric
05-12 15:47:21.981 13861 13880 D VestigePromptComposer: compose lens=LITERAL chars=7597 tokens~=1900 history=0
05-12 15:47:33.129 13861 13880 D VestigeLiteRtLm: generateText completed in 11146ms (prompt=7597c, reply=186c)
05-12 15:47:33.129 13861 13880 D VestigeBackgroundExtraction: lens=LITERAL done parsed=true attempts=1 elapsed=11150ms
05-12 15:47:33.132 13861 13880 D VestigePromptComposer: compose lens=INFERENTIAL chars=8142 tokens~=2036 history=0
05-12 15:47:43.671 13861 13880 D VestigeLiteRtLm: generateText completed in 10538ms (prompt=8142c, reply=196c)
05-12 15:47:43.671 13861 13880 D VestigeBackgroundExtraction: lens=INFERENTIAL done parsed=true attempts=1 elapsed=10542ms
05-12 15:47:43.674 13861 13880 D VestigePromptComposer: compose lens=SKEPTICAL chars=8088 tokens~=2022 history=0
05-12 15:47:54.262 13861 13880 D VestigeLiteRtLm: generateText completed in 10587ms (prompt=8088c, reply=196c)
05-12 15:47:54.262 13861 13880 D VestigeBackgroundExtraction: lens=SKEPTICAL done parsed=true attempts=1 elapsed=10590ms
05-12 15:47:54.263 13861 13880 D VestigeBackgroundExtraction: extract completed: lenses=3/3 model_calls=3 elapsed=32284ms
05-12 15:47:54.264 13861 13878 I VestigeSttC: entry=X3 run=3/3 elapsed=32284ms lenses_parsed=3/3 tags=song-lyric
05-12 15:47:54.270 13861 13878 I VestigeSttC: === STT-C summary: stability=1.00 (37/37 pairs stable across 3 runs) ===
05-12 15:47:54.273 13861 13878 I VestigeSttC:   A1: stable=2/2 unstable_tags=[]
05-12 15:47:54.274 13861 13878 I VestigeSttC:   A2: stable=2/2 unstable_tags=[]
05-12 15:47:54.274 13861 13878 I VestigeSttC:   A3: stable=4/4 unstable_tags=[]
05-12 15:47:54.275 13861 13878 I VestigeSttC:   A4: stable=1/1 unstable_tags=[]
05-12 15:47:54.276 13861 13878 I VestigeSttC:   A5: stable=2/2 unstable_tags=[]
05-12 15:47:54.276 13861 13878 I VestigeSttC:   A6: stable=3/3 unstable_tags=[]
05-12 15:47:54.277 13861 13878 I VestigeSttC:   B1: stable=1/1 unstable_tags=[]
05-12 15:47:54.277 13861 13878 I VestigeSttC:   B2: stable=2/2 unstable_tags=[]
05-12 15:47:54.277 13861 13878 I VestigeSttC:   B3: stable=2/2 unstable_tags=[]
05-12 15:47:54.277 13861 13878 I VestigeSttC:   C1: stable=2/2 unstable_tags=[]
05-12 15:47:54.277 13861 13878 I VestigeSttC:   C2: stable=2/2 unstable_tags=[]
05-12 15:47:54.278 13861 13878 I VestigeSttC:   C3: stable=1/1 unstable_tags=[]
05-12 15:47:54.278 13861 13878 I VestigeSttC:   D1: stable=2/2 unstable_tags=[]
05-12 15:47:54.278 13861 13878 I VestigeSttC:   D2: stable=2/2 unstable_tags=[]
05-12 15:47:54.278 13861 13878 I VestigeSttC:   D3: stable=3/3 unstable_tags=[]
05-12 15:47:54.278 13861 13878 I VestigeSttC:   X1: stable=2/2 unstable_tags=[]
05-12 15:47:54.278 13861 13878 I VestigeSttC:   X2: stable=3/3 unstable_tags=[]
05-12 15:47:54.278 13861 13878 I VestigeSttC:   X3: stable=1/1 unstable_tags=[]
05-12 15:47:55.271 13861 13878 I TestRunner: finished: resolvedTagsAreStableAcrossRepeatRuns(dev.anchildress1.vestige.SttCTagStabilityTest)
05-12 15:47:55.284 13861 13878 I TestRunner: run finished: 1 tests, 0 failed, 0 ignored
