--------- beginning of main
05-17 19:44:55.620 18323 18338 I VestigeLiteRtLm: backend=dev.anchildress1.vestige.inference.BackendChoice$Gpu@f43dcee model=/data/local/tmp/gemma-4-E4B-it.litertlm
05-17 19:44:55.621 18323 18340 D VestigeLiteRtLm: Loading /data/local/tmp/gemma-4-E4B-it.litertlm backend=GPU audio=off vision=off maxTokens=4096 speculativeDecoding=on sampler=topK=1,topP=1.0,temp=0.0,seed=42
05-17 19:45:14.599 18323 18340 D VestigeLiteRtLm: Engine initialized in 18965ms
05-17 19:45:14.605 18323 18338 I VestigeLiteRtLm: engine initialized
05-17 19:45:14.691 18323 18338 I VestigeLiteRtLm: pss_before_kb=4855091
05-17 19:45:14.796 18323 18491 W VestigeBackgroundExtraction: lens=INFERENTIAL attempt=1 failed (Failed to create conversation: FAILED_PRECONDITION: A session already exists. Only one session is supported at a time. Please delete the existing session before creating a new one.)
05-17 19:45:14.802 18323 18341 W VestigeBackgroundExtraction: lens=LITERAL attempt=1 failed (Failed to create conversation: FAILED_PRECONDITION: A session already exists. Only one session is supported at a time. Please delete the existing session before creating a new one.)
05-17 19:45:14.809 18323 18491 W VestigeBackgroundExtraction: lens=INFERENTIAL attempt=2 failed (Failed to create conversation: FAILED_PRECONDITION: A session already exists. Only one session is supported at a time. Please delete the existing session before creating a new one.)
05-17 19:45:14.809 18323 18491 D VestigeBackgroundExtraction: lens=INFERENTIAL done parsed=false attempts=2 elapsed=92ms
05-17 19:45:14.812 18323 18341 W VestigeBackgroundExtraction: lens=LITERAL attempt=2 failed (Failed to create conversation: FAILED_PRECONDITION: A session already exists. Only one session is supported at a time. Please delete the existing session before creating a new one.)
05-17 19:45:14.812 18323 18341 D VestigeBackgroundExtraction: lens=LITERAL done parsed=false attempts=2 elapsed=95ms
05-17 19:45:29.454 18323 18490 D VestigeLiteRtLm: generateText completed in 14714ms (prompt=175c, reply=540c)
05-17 19:45:29.456 18323 18490 D VestigeBackgroundExtraction: lens=SKEPTICAL done parsed=true attempts=1 elapsed=14739ms
05-17 19:45:29.457 18323 18490 D VestigeBackgroundExtraction: extract completed: lenses=1/3 model_calls=5 elapsed=14749ms
05-17 19:45:29.544 18323 18338 I VestigeLiteRtLm: wall_clock_ms=14766
05-17 19:45:29.544 18323 18338 I VestigeLiteRtLm: pss_after_kb=5267949 pss_delta_kb=412858
05-17 19:45:29.545 18323 18338 I VestigeLiteRtLm: model_calls=5 parsed=1/3
05-17 19:45:29.545 18323 18338 I VestigeLiteRtLm: lens=LITERAL elapsed_ms=95 attempts=2 parsed=false
05-17 19:45:29.545 18323 18338 I VestigeLiteRtLm: lens=INFERENTIAL elapsed_ms=92 attempts=2 parsed=false
05-17 19:45:29.545 18323 18338 I VestigeLiteRtLm: lens=SKEPTICAL elapsed_ms=14739 attempts=1 parsed=true
05-17 19:45:29.545 18323 18338 I VestigeLiteRtLm: outcome=SUCCESS template=AUDIT

--- POST-FIX RE-PROBE (sequential, commit cebfb561) ---
--------- beginning of main
05-17 20:02:54.073 22535 22558 I VestigeLiteRtLm: backend=dev.anchildress1.vestige.inference.BackendChoice$Gpu@f43dcee model=/data/local/tmp/gemma-4-E4B-it.litertlm
05-17 20:02:54.075 22535 22562 D VestigeLiteRtLm: Loading /data/local/tmp/gemma-4-E4B-it.litertlm backend=GPU audio=off vision=off maxTokens=4096 speculativeDecoding=on sampler=topK=1,topP=1.0,temp=0.0,seed=42
05-17 20:03:12.426 22535 22562 D VestigeLiteRtLm: Engine initialized in 18340ms
05-17 20:03:12.433 22535 22558 I VestigeLiteRtLm: engine initialized
05-17 20:03:12.526 22535 22558 I VestigeLiteRtLm: pss_before_kb=4849313
05-17 20:03:21.651 22535 22562 D VestigeLiteRtLm: generateText completed in 9082ms (prompt=175c, reply=317c)
05-17 20:03:21.654 22535 22562 D VestigeBackgroundExtraction: lens=LITERAL done parsed=true attempts=1 elapsed=9103ms
05-17 20:03:30.598 22535 22562 D VestigeLiteRtLm: generateText completed in 8941ms (prompt=175c, reply=327c)
05-17 20:03:30.600 22535 22562 D VestigeBackgroundExtraction: lens=INFERENTIAL done parsed=true attempts=1 elapsed=8946ms
05-17 20:03:43.927 22535 22562 D VestigeLiteRtLm: generateText completed in 13323ms (prompt=175c, reply=540c)
05-17 20:03:43.927 22535 22562 D VestigeBackgroundExtraction: lens=SKEPTICAL done parsed=true attempts=1 elapsed=13326ms
05-17 20:03:43.928 22535 22562 D VestigeBackgroundExtraction: extract completed: lenses=3/3 model_calls=3 elapsed=31382ms
05-17 20:03:44.013 22535 22558 I VestigeLiteRtLm: wall_clock_ms=31403
05-17 20:03:44.014 22535 22558 I VestigeLiteRtLm: pss_after_kb=5202834 pss_delta_kb=353521
05-17 20:03:44.014 22535 22558 I VestigeLiteRtLm: model_calls=3 parsed=3/3
05-17 20:03:44.014 22535 22558 I VestigeLiteRtLm: lens=LITERAL elapsed_ms=9103 attempts=1 parsed=true
05-17 20:03:44.014 22535 22558 I VestigeLiteRtLm: lens=INFERENTIAL elapsed_ms=8946 attempts=1 parsed=true
05-17 20:03:44.014 22535 22558 I VestigeLiteRtLm: lens=SKEPTICAL elapsed_ms=13326 attempts=1 parsed=true
05-17 20:03:44.014 22535 22558 I VestigeLiteRtLm: outcome=SUCCESS template=AUDIT

--- POST-FIX RE-PROBE RUN B (sequential, code cebfb561, sample 2) ---
--------- beginning of main
05-17 20:07:01.930 24273 24324 I VestigeLiteRtLm: backend=dev.anchildress1.vestige.inference.BackendChoice$Gpu@f43dcee model=/data/local/tmp/gemma-4-E4B-it.litertlm
05-17 20:07:01.932 24273 24331 D VestigeLiteRtLm: Loading /data/local/tmp/gemma-4-E4B-it.litertlm backend=GPU audio=off vision=off maxTokens=4096 speculativeDecoding=on sampler=topK=1,topP=1.0,temp=0.0,seed=42
05-17 20:07:19.869 24273 24331 D VestigeLiteRtLm: Engine initialized in 17925ms
05-17 20:07:19.874 24273 24324 I VestigeLiteRtLm: engine initialized
05-17 20:07:19.960 24273 24324 I VestigeLiteRtLm: pss_before_kb=4859401
05-17 20:07:28.934 24273 24331 D VestigeLiteRtLm: generateText completed in 8940ms (prompt=175c, reply=317c)
05-17 20:07:28.935 24273 24331 D VestigeBackgroundExtraction: lens=LITERAL done parsed=true attempts=1 elapsed=8958ms
05-17 20:07:38.328 24273 24331 D VestigeLiteRtLm: generateText completed in 9390ms (prompt=175c, reply=327c)
05-17 20:07:38.334 24273 24331 D VestigeBackgroundExtraction: lens=INFERENTIAL done parsed=true attempts=1 elapsed=9398ms
05-17 20:07:52.272 24273 24331 D VestigeLiteRtLm: generateText completed in 13936ms (prompt=175c, reply=540c)
05-17 20:07:52.273 24273 24331 D VestigeBackgroundExtraction: lens=SKEPTICAL done parsed=true attempts=1 elapsed=13938ms
05-17 20:07:52.275 24273 24331 D VestigeBackgroundExtraction: extract completed: lenses=3/3 model_calls=3 elapsed=32297ms
05-17 20:07:52.368 24273 24324 I VestigeLiteRtLm: wall_clock_ms=32315
05-17 20:07:52.368 24273 24324 I VestigeLiteRtLm: pss_after_kb=5147341 pss_delta_kb=287940
05-17 20:07:52.368 24273 24324 I VestigeLiteRtLm: model_calls=3 parsed=3/3
05-17 20:07:52.368 24273 24324 I VestigeLiteRtLm: lens=LITERAL elapsed_ms=8958 attempts=1 parsed=true
05-17 20:07:52.368 24273 24324 I VestigeLiteRtLm: lens=INFERENTIAL elapsed_ms=9398 attempts=1 parsed=true
05-17 20:07:52.368 24273 24324 I VestigeLiteRtLm: lens=SKEPTICAL elapsed_ms=13938 attempts=1 parsed=true
05-17 20:07:52.368 24273 24324 I VestigeLiteRtLm: outcome=SUCCESS template=AUDIT
